[?7h[40m[2J[40m




[0;1;31mоллн лл мллллллм[6Cмлллллм лл   лл ллллллл[7Cмлллллм млллллл
 лл  п  лл лл лл[6Cлл   лл лл   лл   олн[9Cлл   лл ллмммм
 лл[5Cлл лл лл[6Cлл   лл лл   лл   олн[9Cлл   лл ллпппп
оллн    лл лл лл[6Cплллллп плллллп   олн[9Cплллллп лл

лл   лл млллллл ллллллм млллллл[6Cллллллм лл   лл ллллллм млллллл лл
ллмммлл ллмммм  лл   лл ллмммм[7Cлл   лл лл   лл лл   лл ллмммм  лл
ллппплл ллпппп  лллллл  ллпппп[7Cлл   лл лл   лл лл   лл ллпппп  пп
лл   лл плллллл лл  плл плллллл[6Cллллллп плллллп ллллллп плллллл лл










[0m[255D