[?7h[40m[2J[40m




[0;1;31mмллллллллм   млм  мллм   мллм  мллллллллм млллм
лллп   пллл ллллл лллллм лллл ллллп   ппп ллллл
лллм   мллл ллллл ллллллллллл лллл  мммм  ллллл
лллллллллп  ллллл ллллплллллл лллл  ппллл ллллл
лллл пллллм ллллл лллл  плллл лллллмммллл  ппп
пллп   пллп  плп  пллп   пллп  пллллллллп  ллл













[0m[255D