[?7h[40m[2J[40m



[0;1;31mмллм   мллм мллм   мллм  млллллллм   млллллллм  мллм   мллм
лллл мллллп лллллм лллл ллллппплллл ллллп  пллл лллл мллллп
ллллллллп   ллллллллллл ллл[5Cллл лллл[8Cллллллллп
ллллллллм   ллллплллллл ллл[5Cллл лллл[8Cллллллллм
лллл пллллм лллл  плллл ллллмммлллл ллллм  мллл лллл пллллм
пллп   пллп пллп   пллп  плллллллп   плллллллп  пллп   пллп

мллм   мллм мллм   мллм  млллллллм   млллллллм  мллм   мллм
лллл мллллп лллллм лллл ллллппплллл ллллп  пллл лллл мллллп
ллллллллп   ллллллллллл ллл[5Cллл лллл[8Cллллллллп
ллллллллм   ллллплллллл ллл[5Cллл лллл[8Cллллллллм
лллл пллллм лллл  плллл ллллмммлллл ллллм  мллл лллл пллллм
пллп   пллп пллп   пллп  плллллллп   плллллллп  пллп   пллп







[0m[255D