[?7h[40m[2J[40m


[0;1;31mллллллм оллн млллллм млллллм    ллллллм оллн млллллм млллллм лл лл лл
лл   лл  лл  лл   лл лл  ммм    лл   лл  лл  лл   лл лл  ммм лл лл лл
лллллл   лл  лл   лл лл   лл    лллллл   лл  лл   лл лл   лл пп пп пп
лл  плл оллн лл   лл плллллп    лл  плл оллн лл   лл плллллп лл лл лл

















[0m[255D