[?7h[40m[2J[40m


[0;1;31m млл   ллм  млллллллллм мллм   мллм[6Cмллллллллм млллллллллм мллллллллллм
лллл   лллл лллл    ппп пллллмллллп[5Cллллп   ппп лллл    ппп ппппллллпппп
ллллллллллл ллллммммм[5Cплллллп[7Cлллл  мммм  ллллммммм[7Cлллл
ллллппплллл ллллппппп[7Cллл[9Cлллл  ппллл ллллппппп[7Cлллл
лллл   лллл лллл    ммм[5Cллл[9Cлллллмммллл лллл    ммм[5Cлллл
 плл   ллп  плллллллллп[5Cплп[10Cпллллллллп плллллллллп[5Cпллп



[18Cмллм   мллм мллллллллм  млллм млллм млллм
[18Cлллл   лллл лллп   пллл ллллл ллллл ллллл
[18Cлллл   лллл лллм   мллл ллллл ллллл ллллл
[18Cлллл   лллл лллллллллп  ллллл ллллл ллллл
[18Cллллллллллл лллл[9Cппп   ппп   ппп
[19Cплллллллп  пллп[9Cллл   ллл   ллл






[0m[255D